\BOOKMARK [0][-]{section*.2}{\376\377\000A\000\040\000s\000e\000m\000i\000c\000o\000h\000e\000r\000e\000n\000t\000\040\000r\000e\000s\000a\000m\000p\000l\000i\000n\000g\000\040\000m\000e\000t\000h\000o\000d\000\040\000f\000o\000r\000\040\000l\000o\000n\000g\000\040\000t\000r\000a\000n\000s\000i\000e\000n\000t\000s\000\040\000a\000n\000d\000\040\000a\000p\000p\000l\000i\000c\000a\000t\000i\000o\000n\000s\000\040\000t\000o\000\040\000l\000i\000g\000h\000t\000\040\000p\000r\000i\000m\000o\000r\000d\000i\000a\000l\000\040\000b\000l\000a\000c\000k\000\040\000h\000o\000l\000e\000s\000\040\000b\000i\000n\000a\000r\000i\000e\000s\000\040\000N\000L\000:\000\040\000I\000\040\000c\000h\000a\000n\000g\000e\000d\000\040\000t\000h\000i\000s}{}% 2
\BOOKMARK [1][-]{section*.1}{\376\377\000A\000b\000s\000t\000r\000a\000c\000t}{section*.2}% 1
\BOOKMARK [1][-]{section*.3}{\376\377\000I\000n\000t\000r\000o\000d\000u\000c\000t\000i\000o\000n}{section*.2}% 3
\BOOKMARK [1][-]{section*.4}{\376\377\000S\000i\000g\000n\000a\000l\000\040\000m\000o\000d\000e\000l}{section*.2}% 4
\BOOKMARK [1][-]{section*.16}{\376\377\000M\000e\000t\000h\000o\000d\000s}{section*.2}% 5
\BOOKMARK [2][-]{section*.17}{\376\377\000S\000e\000m\000i\000c\000o\000h\000e\000r\000e\000n\000t\000\040\000s\000e\000a\000r\000c\000h\000\040\000s\000e\000t\000u\000p}{section*.16}% 6
\BOOKMARK [2][-]{section*.18}{\376\377\000C\000o\000h\000e\000r\000e\000n\000t\000\040\000a\000n\000a\000l\000y\000s\000i\000s\000\040\000o\000n\000\040\000c\000h\000u\000n\000k\000s}{section*.16}% 7
\BOOKMARK [3][-]{section*.19}{\376\377\000R\000e\000s\000a\000m\000p\000l\000i\000n\000g\000\040\000w\000i\000t\000h\000\040\000n\000o\000n\000-\000u\000n\000i\000f\000o\000r\000m\000\040\000f\000a\000s\000t\000\040\000F\000o\000u\000r\000i\000e\000r\000\040\000t\000r\000a\000n\000s\000f\000o\000r\000m\000s}{section*.18}% 8
\BOOKMARK [3][-]{section*.25}{\376\377\000C\000h\000u\000n\000k\000\040\000d\000u\000r\000a\000t\000i\000o\000n}{section*.18}% 9
\BOOKMARK [3][-]{section*.30}{\376\377\000\040\000g\000r\000i\000d}{section*.18}% 10
\BOOKMARK [2][-]{section*.39}{\376\377\000S\000e\000m\000i\000c\000o\000h\000e\000r\000e\000n\000t\000\040\000c\000o\000m\000b\000i\000n\000a\000t\000i\000o\000n}{section*.16}% 11
\BOOKMARK [3][-]{section*.41}{\376\377\000T\000e\000m\000p\000l\000a\000t\000e\000\040\000p\000l\000a\000c\000e\000m\000e\000n\000t}{section*.39}% 12
\BOOKMARK [3][-]{section*.48}{\376\377\000T\000e\000m\000p\000l\000a\000t\000e\000-\000c\000o\000u\000n\000t\000\040\000e\000s\000t\000i\000m\000a\000t\000e}{section*.39}% 13
\BOOKMARK [1][-]{section*.51}{\376\377\000D\000i\000s\000t\000a\000n\000c\000e\000\040\000s\000e\000n\000s\000i\000t\000i\000v\000i\000t\000y}{section*.2}% 14
\BOOKMARK [2][-]{section*.55}{\376\377\000C\000o\000n\000n\000e\000c\000t\000i\000o\000n\000\040\000t\000o\000\040\000C\000B\000C}{section*.51}% 15
\BOOKMARK [2][-]{section*.64}{\376\377\000I\000n\000j\000e\000c\000t\000i\000o\000n\000\040\000v\000e\000r\000i\000f\000i\000c\000a\000t\000i\000o\000n}{section*.51}% 16
\BOOKMARK [1][-]{section*.65}{\376\377\000D\000i\000s\000c\000u\000s\000s\000i\000o\000n}{section*.2}% 17
\BOOKMARK [2][-]{section*.66}{\376\377\000C\000o\000m\000p\000u\000t\000a\000t\000i\000o\000n\000a\000l\000\040\000c\000o\000s\000t}{section*.65}% 18
\BOOKMARK [2][-]{section*.69}{\376\377\000C\000o\000m\000p\000a\000r\000i\000s\000o\000n\000\040\000w\000i\000t\000h\000\040\000o\000t\000h\000e\000r\000\040\000m\000e\000t\000h\000o\000d\000s}{section*.65}% 19
\BOOKMARK [3][-]{section*.70}{\376\377\000O\000t\000h\000e\000r\000\040\000r\000e\000s\000a\000m\000p\000l\000i\000n\000g\000\040\000i\000m\000p\000l\000e\000m\000e\000n\000t\000a\000t\000i\000o\000n\000s}{section*.69}% 20
\BOOKMARK [3][-]{section*.71}{\376\377\000M\000a\000t\000c\000h\000e\000d\000\040\000f\000i\000l\000t\000e\000r\000\040\000/\000\040\000h\000e\000t\000e\000r\000o\000d\000y\000n\000e}{section*.69}% 21
\BOOKMARK [1][-]{section*.72}{\376\377\000C\000o\000n\000c\000l\000u\000s\000i\000o\000n}{section*.2}% 22
\BOOKMARK [1][-]{section*.73}{\376\377\000A\000c\000k\000n\000o\000w\000l\000e\000d\000g\000m\000e\000n\000t\000s}{section*.2}% 23
\BOOKMARK [1][-]{section*.74}{\376\377\000V\000a\000l\000i\000d\000i\000t\000y\000\040\000o\000f\000\040\0000\000P\000N\000\040\000p\000h\000a\000s\000e\000\040\000e\000v\000o\000l\000u\000t\000i\000o\000n}{section*.2}% 24
\BOOKMARK [1][-]{section*.86}{\376\377\000C\000o\000m\000p\000u\000t\000a\000t\000i\000o\000n\000a\000l\000\040\000p\000e\000r\000f\000o\000r\000m\000a\000n\000c\000e}{section*.2}% 25
\BOOKMARK [1][-]{section*.96}{\376\377\000R\000e\000f\000e\000r\000e\000n\000c\000e\000s}{section*.2}% 26
