This is TeX, Version 3.141592653 (TeX Live 2023/Debian) (preloaded format=tex 2025.9.2)  2 JUN 2026 19:49
**ltxutil.dtx
(./ltxutil.dtx (/usr/share/texlive/texmf-dist/tex/latex/base/docstrip.tex
\blockLevel=\count26
\emptyLines=\count27
\processedLines=\count28
\commentsRemoved=\count29
\commentsPassed=\count30
\codeLinesPassed=\count31
\TotalprocessedLines=\count32
\TotalcommentsRemoved=\count33
\TotalcommentsPassed=\count34
\TotalcodeLinesPassed=\count35
\NumberOfFiles=\count36
\inFile=\read0
\inputcheck=\read1
\@tempcnta=\count37
\off@0=\count38
\off@1=\count39
\off@2=\count40
\off@3=\count41
\off@4=\count42
\off@5=\count43
\off@6=\count44
\off@7=\count45
\off@8=\count46
\off@9=\count47
\off@10=\count48
\off@11=\count49
\off@12=\count50
\off@13=\count51
\off@14=\count52
\off@15=\count53
\@temptokena=\toks12
\@maxfiles=\count54
\@maxoutfiles=\count55

Utility: `docstrip' v2.6b <2022-09-03>
English documentation    <2023-10-10>

**********************************************************
* This program converts documented macro-files into fast *
* loadable files by stripping off (nearly) all comments! *
**********************************************************

********************************************************
* No Configuration file found, using default settings. *
********************************************************

)

Generating file(s) ltxutil.sty ltxutil.krn 

Processing file ltxutil.dtx (package,kernel) -> ltxutil.sty
                            (kernel) -> ltxutil.krn
File ltxutil.dtx ended by \endinput.
Lines  processed: 4459
Comments removed: 2128
Comments  passed: 23
Codelines passed: 2276

***********************************************************
*
* To finish the installation, please move
* ltxutil.sty
* into a directory searched by TeX;
* in a TDS-compliant installation:
* texmf/tex/macros/latex/revtex/.
*
* To produce the documentation, run ltxutil.dtx through LaTeX.
*
* Happy TeXing
***********************************************************
 )
No pages of output.
